============================= test session starts =============================
platform win32 -- Python 3.13.12, pytest-8.4.2, pluggy-1.6.0
rootdir: C:\Users\ytuna\OneDrive\Masa³st³\orange\YZM318-Portakal-Data-Mining-Application
configfile: pyproject.toml
plugins: anyio-4.12.1
collected 99 items

tests\test_main_window.py ..............................FF.............. [ 46%]
.....................................................                    [100%]

================================== FAILURES ===================================
C:\Users\ytuna\OneDrive\Masa³st³\orange\YZM318-Portakal-Data-Mining-Application\tests\test_main_window.py:528: AssertionError: assert 'target' == 'feature'
C:\Users\ytuna\OneDrive\Masa³st³\orange\YZM318-Portakal-Data-Mining-Application\tests\test_main_window.py:551: AssertionError: assert 'Dropped 1 skipped column' in 'No domain changes applied.'
=========================== short test summary info ===========================
FAILED tests/test_main_window.py::test_edit_domain_screen_enforces_single_target_and_restore_inferred
FAILED tests/test_main_window.py::test_edit_domain_screen_skip_drops_column
======================== 2 failed, 97 passed in 8.74s =========================
